Vivado Simulator v2024.2.0
Copyright 1986-2022 Xilinx, Inc. All Rights Reserved.
Copyright 2022-2024 Advanced Micro Devices, Inc. All Rights Reserved.
Running: E:/rocketProgram/Xilinx/Vivado/2024.2/bin/unwrapped/win64.o/xelab.exe --incr --debug typical --relax --mt 2 -L xil_defaultlib -L unisims_ver -L unimacro_ver -L secureip --snapshot tictactoe_top_behav xil_defaultlib.tictactoe_top xil_defaultlib.glbl -log elaborate.log 
Using 2 slave threads.
Starting static elaboration
Pass Through NonSizing Optimizer
WARNING: [VRFC 10-3091] actual bit length 12 differs from formal bit length 9 for port 'player1_board' [C:/xilinxproject/tictactoe/src/tictactoe_top.v:90]
WARNING: [VRFC 10-3091] actual bit length 12 differs from formal bit length 9 for port 'player2_board' [C:/xilinxproject/tictactoe/src/tictactoe_top.v:91]
WARNING: [VRFC 10-3091] actual bit length 1 differs from formal bit length 12 for port 'rgb' [C:/xilinxproject/tictactoe/src/tictactoe_top.v:98]
WARNING: [VRFC 10-3091] actual bit length 1 differs from formal bit length 12 for port 'background' [C:/xilinxproject/tictactoe/src/tictactoe_top.v:99]
WARNING: [VRFC 10-3091] actual bit length 12 differs from formal bit length 9 for port 'player1_board' [C:/xilinxproject/tictactoe/src/tictactoe_top.v:111]
WARNING: [VRFC 10-3091] actual bit length 12 differs from formal bit length 9 for port 'player2_board' [C:/xilinxproject/tictactoe/src/tictactoe_top.v:112]
Completed static elaboration
Starting simulation data flow analysis
Completed simulation data flow analysis
Time Resolution for simulation is 1ps
Compiling module xil_defaultlib.display_controller
Compiling module xil_defaultlib.board_controller
Compiling module xil_defaultlib.game_controller
Compiling module xil_defaultlib.tictactoe_top
Compiling module xil_defaultlib.glbl
Built simulation snapshot tictactoe_top_behav
