Copyright 1986-2022 Xilinx, Inc. All Rights Reserved. Copyright 2022-2024 Advanced Micro Devices, Inc. All Rights Reserved.
-----------------------------------------------------------------------------------------------------------------------------------------------------------------------------
| Tool Version : Vivado v.2024.2 (win64) Build 5239630 Fri Nov 08 22:35:27 MST 2024
| Date         : Wed Apr 30 00:26:38 2025
| Host         : SkunkWork running 64-bit major release  (build 9200)
| Command      : report_methodology -file tictactoe_top_methodology_drc_routed.rpt -pb tictactoe_top_methodology_drc_routed.pb -rpx tictactoe_top_methodology_drc_routed.rpx
| Design       : tictactoe_top
| Device       : xc7a100tcsg324-1
| Speed File   : -1
| Design State : Fully Routed
-----------------------------------------------------------------------------------------------------------------------------------------------------------------------------

Report Methodology

Table of Contents
-----------------
1. REPORT SUMMARY
2. REPORT DETAILS

1. REPORT SUMMARY
-----------------
            Netlist: netlist
          Floorplan: design_1
      Design limits: <entire design considered>
             Max checks: <unlimited>
             Checks found: 79
+-----------+------------------+-------------------------------+--------+
| Rule      | Severity         | Description                   | Checks |
+-----------+------------------+-------------------------------+--------+
| TIMING-17 | Critical Warning | Non-clocked sequential cell   | 45     |
| LUTAR-1   | Warning          | LUT drives async reset alert  | 2      |
| TIMING-18 | Warning          | Missing input or output delay | 32     |
+-----------+------------------+-------------------------------+--------+

2. REPORT DETAILS
-----------------
TIMING-17#1 Critical Warning
Non-clocked sequential cell  
The clock pin board_controller/PlayerA_Win_Count_reg[0]/C is not reached by a timing clock
Related violations: <none>

TIMING-17#2 Critical Warning
Non-clocked sequential cell  
The clock pin board_controller/PlayerA_Win_Count_reg[1]/C is not reached by a timing clock
Related violations: <none>

TIMING-17#3 Critical Warning
Non-clocked sequential cell  
The clock pin board_controller/PlayerA_Win_Count_reg[2]/C is not reached by a timing clock
Related violations: <none>

TIMING-17#4 Critical Warning
Non-clocked sequential cell  
The clock pin board_controller/PlayerA_Win_Count_reg[3]/C is not reached by a timing clock
Related violations: <none>

TIMING-17#5 Critical Warning
Non-clocked sequential cell  
The clock pin board_controller/PlayerB_Win_Count_reg[0]/C is not reached by a timing clock
Related violations: <none>

TIMING-17#6 Critical Warning
Non-clocked sequential cell  
The clock pin board_controller/PlayerB_Win_Count_reg[1]/C is not reached by a timing clock
Related violations: <none>

TIMING-17#7 Critical Warning
Non-clocked sequential cell  
The clock pin board_controller/PlayerB_Win_Count_reg[2]/C is not reached by a timing clock
Related violations: <none>

TIMING-17#8 Critical Warning
Non-clocked sequential cell  
The clock pin board_controller/PlayerB_Win_Count_reg[3]/C is not reached by a timing clock
Related violations: <none>

TIMING-17#9 Critical Warning
Non-clocked sequential cell  
The clock pin board_controller/Player_Tie_Win_Count_reg[0]/C is not reached by a timing clock
Related violations: <none>

TIMING-17#10 Critical Warning
Non-clocked sequential cell  
The clock pin board_controller/Player_Tie_Win_Count_reg[1]/C is not reached by a timing clock
Related violations: <none>

TIMING-17#11 Critical Warning
Non-clocked sequential cell  
The clock pin board_controller/Player_Tie_Win_Count_reg[2]/C is not reached by a timing clock
Related violations: <none>

TIMING-17#12 Critical Warning
Non-clocked sequential cell  
The clock pin board_controller/Player_Tie_Win_Count_reg[3]/C is not reached by a timing clock
Related violations: <none>

TIMING-17#13 Critical Warning
Non-clocked sequential cell  
The clock pin board_controller/end_game_flash_reg[0]/C is not reached by a timing clock
Related violations: <none>

TIMING-17#14 Critical Warning
Non-clocked sequential cell  
The clock pin board_controller/end_game_flash_reg[1]/C is not reached by a timing clock
Related violations: <none>

TIMING-17#15 Critical Warning
Non-clocked sequential cell  
The clock pin board_controller/end_game_flash_reg[2]/C is not reached by a timing clock
Related violations: <none>

TIMING-17#16 Critical Warning
Non-clocked sequential cell  
The clock pin board_controller/end_game_flash_reg[3]/C is not reached by a timing clock
Related violations: <none>

TIMING-17#17 Critical Warning
Non-clocked sequential cell  
The clock pin board_controller/end_game_flash_reg[4]/C is not reached by a timing clock
Related violations: <none>

TIMING-17#18 Critical Warning
Non-clocked sequential cell  
The clock pin board_controller/end_game_flash_reg[5]/C is not reached by a timing clock
Related violations: <none>

TIMING-17#19 Critical Warning
Non-clocked sequential cell  
The clock pin board_controller/end_game_flash_reg[6]/C is not reached by a timing clock
Related violations: <none>

TIMING-17#20 Critical Warning
Non-clocked sequential cell  
The clock pin board_controller/end_game_flash_reg[7]/C is not reached by a timing clock
Related violations: <none>

TIMING-17#21 Critical Warning
Non-clocked sequential cell  
The clock pin board_controller/end_game_flash_reg[8]/C is not reached by a timing clock
Related violations: <none>

TIMING-17#22 Critical Warning
Non-clocked sequential cell  
The clock pin board_controller/end_game_flash_reg[9]/C is not reached by a timing clock
Related violations: <none>

TIMING-17#23 Critical Warning
Non-clocked sequential cell  
The clock pin board_controller/win_reg/C is not reached by a timing clock
Related violations: <none>

TIMING-17#24 Critical Warning
Non-clocked sequential cell  
The clock pin dc/bright_reg/C is not reached by a timing clock
Related violations: <none>

TIMING-17#25 Critical Warning
Non-clocked sequential cell  
The clock pin dc/clk25_reg/C is not reached by a timing clock
Related violations: <none>

TIMING-17#26 Critical Warning
Non-clocked sequential cell  
The clock pin dc/hCount_reg[0]/C is not reached by a timing clock
Related violations: <none>

TIMING-17#27 Critical Warning
Non-clocked sequential cell  
The clock pin dc/hCount_reg[1]/C is not reached by a timing clock
Related violations: <none>

TIMING-17#28 Critical Warning
Non-clocked sequential cell  
The clock pin dc/hCount_reg[2]/C is not reached by a timing clock
Related violations: <none>

TIMING-17#29 Critical Warning
Non-clocked sequential cell  
The clock pin dc/hCount_reg[3]/C is not reached by a timing clock
Related violations: <none>

TIMING-17#30 Critical Warning
Non-clocked sequential cell  
The clock pin dc/hCount_reg[4]/C is not reached by a timing clock
Related violations: <none>

TIMING-17#31 Critical Warning
Non-clocked sequential cell  
The clock pin dc/hCount_reg[5]/C is not reached by a timing clock
Related violations: <none>

TIMING-17#32 Critical Warning
Non-clocked sequential cell  
The clock pin dc/hCount_reg[6]/C is not reached by a timing clock
Related violations: <none>

TIMING-17#33 Critical Warning
Non-clocked sequential cell  
The clock pin dc/hCount_reg[7]/C is not reached by a timing clock
Related violations: <none>

TIMING-17#34 Critical Warning
Non-clocked sequential cell  
The clock pin dc/hCount_reg[8]/C is not reached by a timing clock
Related violations: <none>

TIMING-17#35 Critical Warning
Non-clocked sequential cell  
The clock pin dc/hCount_reg[9]/C is not reached by a timing clock
Related violations: <none>

TIMING-17#36 Critical Warning
Non-clocked sequential cell  
The clock pin dc/vCount_reg[0]/C is not reached by a timing clock
Related violations: <none>

TIMING-17#37 Critical Warning
Non-clocked sequential cell  
The clock pin dc/vCount_reg[1]/C is not reached by a timing clock
Related violations: <none>

TIMING-17#38 Critical Warning
Non-clocked sequential cell  
The clock pin dc/vCount_reg[2]/C is not reached by a timing clock
Related violations: <none>

TIMING-17#39 Critical Warning
Non-clocked sequential cell  
The clock pin dc/vCount_reg[3]/C is not reached by a timing clock
Related violations: <none>

TIMING-17#40 Critical Warning
Non-clocked sequential cell  
The clock pin dc/vCount_reg[4]/C is not reached by a timing clock
Related violations: <none>

TIMING-17#41 Critical Warning
Non-clocked sequential cell  
The clock pin dc/vCount_reg[5]/C is not reached by a timing clock
Related violations: <none>

TIMING-17#42 Critical Warning
Non-clocked sequential cell  
The clock pin dc/vCount_reg[6]/C is not reached by a timing clock
Related violations: <none>

TIMING-17#43 Critical Warning
Non-clocked sequential cell  
The clock pin dc/vCount_reg[7]/C is not reached by a timing clock
Related violations: <none>

TIMING-17#44 Critical Warning
Non-clocked sequential cell  
The clock pin dc/vCount_reg[8]/C is not reached by a timing clock
Related violations: <none>

TIMING-17#45 Critical Warning
Non-clocked sequential cell  
The clock pin dc/vCount_reg[9]/C is not reached by a timing clock
Related violations: <none>

LUTAR-1#1 Warning
LUT drives async reset alert  
LUT cell board_controller/FSM_sequential_state[3]_i_3__0, with 2 or more inputs, drives asynchronous preset/clear pin(s) DIV_CLK_reg[14]/CLR, DIV_CLK_reg[15]/CLR, DIV_CLK_reg[16]/CLR,
DIV_CLK_reg[17]/CLR, DIV_CLK_reg[18]/CLR, DIV_CLK_reg[19]/CLR,
DIV_CLK_reg[1]/CLR, DIV_CLK_reg[2]/CLR, DIV_CLK_reg[3]/CLR,
DIV_CLK_reg[4]/CLR, DIV_CLK_reg[5]/CLR, DIV_CLK_reg[6]/CLR,
DIV_CLK_reg[7]/CLR, DIV_CLK_reg[8]/CLR, DIV_CLK_reg[9]/CLR
 (the first 15 of 108 listed). The LUT may glitch and trigger an unexpected reset, even if it is a properly timed path.
Related violations: <none>

LUTAR-1#2 Warning
LUT drives async reset alert  
LUT cell board_controller/sub_board_0_0/cursorY[1]_i_5, with 2 or more inputs, drives asynchronous preset/clear pin(s) board_controller/sub_board_2_0/playerA_reg[7]/CLR,
board_controller/sub_board_2_0/playerA_reg[8]/CLR,
board_controller/sub_board_2_0/playerB_reg[0]/CLR,
board_controller/sub_board_2_0/playerB_reg[1]/CLR,
board_controller/sub_board_2_0/playerB_reg[2]/CLR,
board_controller/sub_board_2_0/playerB_reg[3]/CLR,
board_controller/sub_board_2_0/playerB_reg[4]/CLR,
board_controller/sub_board_2_0/playerB_reg[5]/CLR,
board_controller/sub_board_2_0/playerB_reg[6]/CLR,
board_controller/sub_board_2_0/playerB_reg[7]/CLR,
board_controller/sub_board_2_0/playerB_reg[8]/CLR,
board_controller/sub_board_2_0/selector_bit_reg[0]/CLR,
board_controller/sub_board_2_0/selector_bit_reg[1]/CLR,
board_controller/sub_board_2_0/selector_bit_reg[2]/PRE,
board_controller/sub_board_2_0/selector_bit_reg[3]/CLR
 (the first 15 of 315 listed). The LUT may glitch and trigger an unexpected reset, even if it is a properly timed path.
Related violations: <none>

TIMING-18#1 Warning
Missing input or output delay  
An input delay is missing on BtnC relative to the rising and/or falling clock edge(s) of ClkPort.
Related violations: <none>

TIMING-18#2 Warning
Missing input or output delay  
An input delay is missing on BtnD relative to the rising and/or falling clock edge(s) of ClkPort.
Related violations: <none>

TIMING-18#3 Warning
Missing input or output delay  
An input delay is missing on BtnL relative to the rising and/or falling clock edge(s) of ClkPort.
Related violations: <none>

TIMING-18#4 Warning
Missing input or output delay  
An input delay is missing on BtnR relative to the rising and/or falling clock edge(s) of ClkPort.
Related violations: <none>

TIMING-18#5 Warning
Missing input or output delay  
An input delay is missing on BtnU relative to the rising and/or falling clock edge(s) of ClkPort.
Related violations: <none>

TIMING-18#6 Warning
Missing input or output delay  
An output delay is missing on An0 relative to the rising and/or falling clock edge(s) of ClkPort.
Related violations: <none>

TIMING-18#7 Warning
Missing input or output delay  
An output delay is missing on An1 relative to the rising and/or falling clock edge(s) of ClkPort.
Related violations: <none>

TIMING-18#8 Warning
Missing input or output delay  
An output delay is missing on An2 relative to the rising and/or falling clock edge(s) of ClkPort.
Related violations: <none>

TIMING-18#9 Warning
Missing input or output delay  
An output delay is missing on An3 relative to the rising and/or falling clock edge(s) of ClkPort.
Related violations: <none>

TIMING-18#10 Warning
Missing input or output delay  
An output delay is missing on An4 relative to the rising and/or falling clock edge(s) of ClkPort.
Related violations: <none>

TIMING-18#11 Warning
Missing input or output delay  
An output delay is missing on An5 relative to the rising and/or falling clock edge(s) of ClkPort.
Related violations: <none>

TIMING-18#12 Warning
Missing input or output delay  
An output delay is missing on An6 relative to the rising and/or falling clock edge(s) of ClkPort.
Related violations: <none>

TIMING-18#13 Warning
Missing input or output delay  
An output delay is missing on An7 relative to the rising and/or falling clock edge(s) of ClkPort.
Related violations: <none>

TIMING-18#14 Warning
Missing input or output delay  
An output delay is missing on Ca relative to the rising and/or falling clock edge(s) of ClkPort.
Related violations: <none>

TIMING-18#15 Warning
Missing input or output delay  
An output delay is missing on Cb relative to the rising and/or falling clock edge(s) of ClkPort.
Related violations: <none>

TIMING-18#16 Warning
Missing input or output delay  
An output delay is missing on Cc relative to the rising and/or falling clock edge(s) of ClkPort.
Related violations: <none>

TIMING-18#17 Warning
Missing input or output delay  
An output delay is missing on Cd relative to the rising and/or falling clock edge(s) of ClkPort.
Related violations: <none>

TIMING-18#18 Warning
Missing input or output delay  
An output delay is missing on Ce relative to the rising and/or falling clock edge(s) of ClkPort.
Related violations: <none>

TIMING-18#19 Warning
Missing input or output delay  
An output delay is missing on Cf relative to the rising and/or falling clock edge(s) of ClkPort.
Related violations: <none>

TIMING-18#20 Warning
Missing input or output delay  
An output delay is missing on Cg relative to the rising and/or falling clock edge(s) of ClkPort.
Related violations: <none>

TIMING-18#21 Warning
Missing input or output delay  
An output delay is missing on vgaB[0] relative to the rising and/or falling clock edge(s) of ClkPort.
Related violations: <none>

TIMING-18#22 Warning
Missing input or output delay  
An output delay is missing on vgaB[1] relative to the rising and/or falling clock edge(s) of ClkPort.
Related violations: <none>

TIMING-18#23 Warning
Missing input or output delay  
An output delay is missing on vgaB[2] relative to the rising and/or falling clock edge(s) of ClkPort.
Related violations: <none>

TIMING-18#24 Warning
Missing input or output delay  
An output delay is missing on vgaB[3] relative to the rising and/or falling clock edge(s) of ClkPort.
Related violations: <none>

TIMING-18#25 Warning
Missing input or output delay  
An output delay is missing on vgaG[0] relative to the rising and/or falling clock edge(s) of ClkPort.
Related violations: <none>

TIMING-18#26 Warning
Missing input or output delay  
An output delay is missing on vgaG[1] relative to the rising and/or falling clock edge(s) of ClkPort.
Related violations: <none>

TIMING-18#27 Warning
Missing input or output delay  
An output delay is missing on vgaG[2] relative to the rising and/or falling clock edge(s) of ClkPort.
Related violations: <none>

TIMING-18#28 Warning
Missing input or output delay  
An output delay is missing on vgaG[3] relative to the rising and/or falling clock edge(s) of ClkPort.
Related violations: <none>

TIMING-18#29 Warning
Missing input or output delay  
An output delay is missing on vgaR[0] relative to the rising and/or falling clock edge(s) of ClkPort.
Related violations: <none>

TIMING-18#30 Warning
Missing input or output delay  
An output delay is missing on vgaR[1] relative to the rising and/or falling clock edge(s) of ClkPort.
Related violations: <none>

TIMING-18#31 Warning
Missing input or output delay  
An output delay is missing on vgaR[2] relative to the rising and/or falling clock edge(s) of ClkPort.
Related violations: <none>

TIMING-18#32 Warning
Missing input or output delay  
An output delay is missing on vgaR[3] relative to the rising and/or falling clock edge(s) of ClkPort.
Related violations: <none>


